PKTABLE_CAT[string]	PKTABLE_SCHEM[string]	PKTABLE_NAME[string]	PKCOLUMN_NAME[string]	FKTABLE_CAT[string]	FKTABLE_SCHEM[string]	FKTABLE_NAME[string]	FKCOLUMN_NAME[string]	KEY_SEQ[short]	UPDATE_RULE[integer]	DELETE_RULE[integer]	FK_NAME[string]	PK_NAME[string]	DEFERRABILITY[integer]	
null	PartsSupplier	PartsSupplier.PARTSSUPPLIER.PARTS	PART_ID	null	PartsSupplier	PartsSupplier.PARTSSUPPLIER.SUPPLIER_PARTS	PART_ID	1	3	3	FK_SPLIER_PRTS_PRTS	PK_PARTS	5
null	PartsSupplier	PartsSupplier.PARTSSUPPLIER.STATUS	STATUS_ID	null	PartsSupplier	PartsSupplier.PARTSSUPPLIER.SUPPLIER	SUPPLIER_STATUS	1	3	3	FK_SPLIER_STATS	PK_STATUS	5
null	PartsSupplier	PartsSupplier.PARTSSUPPLIER.SUPPLIER	SUPPLIER_ID	null	PartsSupplier	PartsSupplier.PARTSSUPPLIER.SUPPLIER_PARTS	SUPPLIER_ID	1	3	3	FK_SPLY_PRTS_SPLY	PK_SUPPLIER	5