ColumnName	ColumnType	ColumnTypeName	ColumnClassName	isNullable	TableName	SchemaName	CatalogName	
TABLE_CAT	12	string	java.lang.String	1	null	PartsSupplier	null
TABLE_SCHEM	12	string	java.lang.String	0	System.VirtualDatabases	PartsSupplier	null
TABLE_NAME	12	string	java.lang.String	0	System.KeyElements	PartsSupplier	null
COLUMN_NAME	12	string	java.lang.String	0	System.KeyElements	PartsSupplier	null
KEY_SEQ	5	short	java.lang.Short	1	null	PartsSupplier	null
PK_NAME	12	string	java.lang.String	1	System.KeyElements	PartsSupplier	null
