TABLE_CAT[string]	TABLE_SCHEM[string]	TABLE_NAME[string]	COLUMN_NAME[string]	KEY_SEQ[short]	PK_NAME[string]	
null	PartsSupplier	PartsSupplier.PARTSSUPPLIER.PARTS	PART_ID	1	PK_PARTS
null	PartsSupplier	PartsSupplier.PARTSSUPPLIER.SUPPLIER_PARTS	PART_ID	2	PK_SUPPLIER_PARTS
null	PartsSupplier	PartsSupplier.PARTSSUPPLIER.SHIP_VIA	SHIPPER_ID	1	PK_SHIP_VIA
null	PartsSupplier	PartsSupplier.PARTSSUPPLIER.STATUS	STATUS_ID	1	PK_STATUS
null	PartsSupplier	PartsSupplier.PARTSSUPPLIER.SUPPLIER	SUPPLIER_ID	1	PK_SUPPLIER
null	PartsSupplier	PartsSupplier.PARTSSUPPLIER.SUPPLIER_PARTS	SUPPLIER_ID	1	PK_SUPPLIER_PARTS
