string                                                             string                                                             string                                                             string                                                             string                                                             string                                                             string                                                             string                                                             string                                                             string                                                             boolean   
TABLE_CAT                                                          TABLE_SCHEM                                                        TABLE_NAME                                                         TABLE_TYPE                                                         REMARKS                                                            TYPE_CAT                                                           TYPE_SCHEM                                                         TYPE_NAME                                                          SELF_REFERENCING_COL_NAME                                          REF_GENERATION                                                     ISPHYSICAL
<null>                                                             test                                                               System.DataTypeElementProperties                                   SYSTEM TABLE                                                       <null>                                                             <null>                                                             <null>                                                             <null>                                                             <null>                                                             <null>                                                             false     
<null>                                                             test                                                               System.DataTypeElements                                            SYSTEM TABLE                                                       <null>                                                             <null>                                                             <null>                                                             <null>                                                             <null>                                                             <null>                                                             false     
<null>                                                             test                                                               System.DataTypeProperties                                          SYSTEM TABLE                                                       <null>                                                             <null>                                                             <null>                                                             <null>                                                             <null>                                                             <null>                                                             false     
<null>                                                             test                                                               System.DataTypes                                                   SYSTEM TABLE                                                       <null>                                                             <null>                                                             <null>                                                             <null>                                                             <null>                                                             <null>                                                             false     
<null>                                                             test                                                               System.ElementProperties                                           SYSTEM TABLE                                                       <null>                                                             <null>                                                             <null>                                                             <null>                                                             <null>                                                             <null>                                                             false     
<null>                                                             test                                                               System.Elements                                                    SYSTEM TABLE                                                       <null>                                                             <null>                                                             <null>                                                             <null>                                                             <null>                                                             <null>                                                             false     
<null>                                                             test                                                               System.GroupProperties                                             SYSTEM TABLE                                                       <null>                                                             <null>                                                             <null>                                                             <null>                                                             <null>                                                             <null>                                                             false     
<null>                                                             test                                                               System.Groups                                                      SYSTEM TABLE                                                       <null>                                                             <null>                                                             <null>                                                             <null>                                                             <null>                                                             <null>                                                             false     
<null>                                                             test                                                               System.JDBC.ReferenceKeyColumns                                    SYSTEM TABLE                                                       <null>                                                             <null>                                                             <null>                                                             <null>                                                             <null>                                                             <null>                                                             false     
<null>                                                             test                                                               System.KeyElements                                                 SYSTEM TABLE                                                       <null>                                                             <null>                                                             <null>                                                             <null>                                                             <null>                                                             <null>                                                             false     
<null>                                                             test                                                               System.KeyProperties                                               SYSTEM TABLE                                                       <null>                                                             <null>                                                             <null>                                                             <null>                                                             <null>                                                             <null>                                                             false     
<null>                                                             test                                                               System.Keys                                                        SYSTEM TABLE                                                       <null>                                                             <null>                                                             <null>                                                             <null>                                                             <null>                                                             <null>                                                             false     
<null>                                                             test                                                               System.ModelProperties                                             SYSTEM TABLE                                                       <null>                                                             <null>                                                             <null>                                                             <null>                                                             <null>                                                             <null>                                                             false     
<null>                                                             test                                                               System.Models                                                      SYSTEM TABLE                                                       <null>                                                             <null>                                                             <null>                                                             <null>                                                             <null>                                                             <null>                                                             false     
<null>                                                             test                                                               System.ODBC.OA_COLUMNS                                             SYSTEM TABLE                                                       <null>                                                             <null>                                                             <null>                                                             <null>                                                             <null>                                                             <null>                                                             false     
<null>                                                             test                                                               System.ODBC.OA_FKEYS                                               SYSTEM TABLE                                                       <null>                                                             <null>                                                             <null>                                                             <null>                                                             <null>                                                             <null>                                                             false     
<null>                                                             test                                                               System.ODBC.OA_PROC                                                SYSTEM TABLE                                                       <null>                                                             <null>                                                             <null>                                                             <null>                                                             <null>                                                             <null>                                                             false     
<null>                                                             test                                                               System.ODBC.OA_PROCCOLUMNS                                         SYSTEM TABLE                                                       <null>                                                             <null>                                                             <null>                                                             <null>                                                             <null>                                                             <null>                                                             false     
<null>                                                             test                                                               System.ODBC.OA_STATISTICS                                          SYSTEM TABLE                                                       <null>                                                             <null>                                                             <null>                                                             <null>                                                             <null>                                                             <null>                                                             false     
<null>                                                             test                                                               System.ODBC.OA_TABLES                                              SYSTEM TABLE                                                       <null>                                                             <null>                                                             <null>                                                             <null>                                                             <null>                                                             <null>                                                             false     
<null>                                                             test                                                               System.ODBC.OA_TYPES                                               SYSTEM TABLE                                                       <null>                                                             <null>                                                             <null>                                                             <null>                                                             <null>                                                             <null>                                                             false     
<null>                                                             test                                                               System.ProcedureParams                                             SYSTEM TABLE                                                       <null>                                                             <null>                                                             <null>                                                             <null>                                                             <null>                                                             <null>                                                             false     
<null>                                                             test                                                               System.ProcedureProperties                                         SYSTEM TABLE                                                       <null>                                                             <null>                                                             <null>                                                             <null>                                                             <null>                                                             <null>                                                             false     
<null>                                                             test                                                               System.Procedures                                                  SYSTEM TABLE                                                       <null>                                                             <null>                                                             <null>                                                             <null>                                                             <null>                                                             <null>                                                             false     
<null>                                                             test                                                               System.VirtualDatabases                                            SYSTEM TABLE                                                       <null>                                                             <null>                                                             <null>                                                             <null>                                                             <null>                                                             <null>                                                             false     
<null>                                                             test                                                               test.all_databases                                                 TABLE                                                              <null>                                                             <null>                                                             <null>                                                             <null>                                                             <null>                                                             <null>                                                             false     
<null>                                                             test                                                               test.all_models                                                    TABLE                                                              <null>                                                             <null>                                                             <null>                                                             <null>                                                             <null>                                                             <null>                                                             false     
<null>                                                             test                                                               test.all_tables                                                    TABLE                                                              <null>                                                             <null>                                                             <null>                                                             <null>                                                             <null>                                                             <null>                                                             false     
Row Count : 28
getColumnName              getColumnType  getCatalogName  getColumnClassName  getColumnLabel             getColumnTypeName  getSchemaName  getTableName             getColumnDisplaySize  getPrecision  getScale  isAutoIncrement  isCaseSensitive  isCurrency  isDefinitelyWritable  isNullable  isReadOnly  isSearchable  isSigned  isWritable  
TABLE_CAT                  12             <null>          java.lang.String    TABLE_CAT                  string             test           <null>                   4000                  4000          0         false            false            false       true                  1           false       true          true      true        
TABLE_SCHEM                12             <null>          java.lang.String    TABLE_SCHEM                string             test           System.VirtualDatabases  255                   255           0         false            true             false       false                 0           true        true          false     false       
TABLE_NAME                 12             <null>          java.lang.String    TABLE_NAME                 string             test           System.Groups            2048                  2048          0         false            true             false       false                 0           true        true          false     false       
TABLE_TYPE                 12             <null>          java.lang.String    TABLE_TYPE                 string             test           <null>                   4000                  4000          0         false            false            false       true                  1           false       true          true      true        
REMARKS                    12             <null>          java.lang.String    REMARKS                    string             test           System.Groups            255                   255           0         false            true             false       true                  1           false       true          true      true        
TYPE_CAT                   12             <null>          java.lang.String    TYPE_CAT                   string             test           <null>                   4000                  4000          0         false            false            false       true                  1           false       true          true      true        
TYPE_SCHEM                 12             <null>          java.lang.String    TYPE_SCHEM                 string             test           <null>                   4000                  4000          0         false            false            false       true                  1           false       true          true      true        
TYPE_NAME                  12             <null>          java.lang.String    TYPE_NAME                  string             test           <null>                   4000                  4000          0         false            false            false       true                  1           false       true          true      true        
SELF_REFERENCING_COL_NAME  12             <null>          java.lang.String    SELF_REFERENCING_COL_NAME  string             test           <null>                   4000                  4000          0         false            false            false       true                  1           false       true          true      true        
REF_GENERATION             12             <null>          java.lang.String    REF_GENERATION             string             test           <null>                   4000                  4000          0         false            false            false       true                  1           false       true          true      true        
ISPHYSICAL                 -7             <null>          java.lang.Boolean   ISPHYSICAL                 boolean            test           System.Groups            5                     1             0         false            true             false       false                 0           true        true          false     false       
string                                                             string                                                             string                                                             string                                                             string                                                             string                                                             string                                                             string                                                             string                                                             string                                                             boolean   
TABLE_CAT                                                          TABLE_SCHEM                                                        TABLE_NAME                                                         TABLE_TYPE                                                         REMARKS                                                            TYPE_CAT                                                           TYPE_SCHEM                                                         TYPE_NAME                                                          SELF_REFERENCING_COL_NAME                                          REF_GENERATION                                                     ISPHYSICAL
Row Count : 0
getColumnName              getColumnType  getCatalogName  getColumnClassName  getColumnLabel             getColumnTypeName  getSchemaName  getTableName             getColumnDisplaySize  getPrecision  getScale  isAutoIncrement  isCaseSensitive  isCurrency  isDefinitelyWritable  isNullable  isReadOnly  isSearchable  isSigned  isWritable  
TABLE_CAT                  12             <null>          java.lang.String    TABLE_CAT                  string             test           <null>                   4000                  4000          0         false            false            false       true                  1           false       true          true      true        
TABLE_SCHEM                12             <null>          java.lang.String    TABLE_SCHEM                string             test           System.VirtualDatabases  255                   255           0         false            true             false       false                 0           true        true          false     false       
TABLE_NAME                 12             <null>          java.lang.String    TABLE_NAME                 string             test           System.Groups            2048                  2048          0         false            true             false       false                 0           true        true          false     false       
TABLE_TYPE                 12             <null>          java.lang.String    TABLE_TYPE                 string             test           <null>                   4000                  4000          0         false            false            false       true                  1           false       true          true      true        
REMARKS                    12             <null>          java.lang.String    REMARKS                    string             test           System.Groups            255                   255           0         false            true             false       true                  1           false       true          true      true        
TYPE_CAT                   12             <null>          java.lang.String    TYPE_CAT                   string             test           <null>                   4000                  4000          0         false            false            false       true                  1           false       true          true      true        
TYPE_SCHEM                 12             <null>          java.lang.String    TYPE_SCHEM                 string             test           <null>                   4000                  4000          0         false            false            false       true                  1           false       true          true      true        
TYPE_NAME                  12             <null>          java.lang.String    TYPE_NAME                  string             test           <null>                   4000                  4000          0         false            false            false       true                  1           false       true          true      true        
SELF_REFERENCING_COL_NAME  12             <null>          java.lang.String    SELF_REFERENCING_COL_NAME  string             test           <null>                   4000                  4000          0         false            false            false       true                  1           false       true          true      true        
REF_GENERATION             12             <null>          java.lang.String    REF_GENERATION             string             test           <null>                   4000                  4000          0         false            false            false       true                  1           false       true          true      true        
ISPHYSICAL                 -7             <null>          java.lang.Boolean   ISPHYSICAL                 boolean            test           System.Groups            5                     1             0         false            true             false       false                 0           true        true          false     false       
string                                                             string                                                             string                                                             string                                                             string                                                             string                                                             string                                                             string                                                             string                                                             string                                                             boolean   
TABLE_CAT                                                          TYPE_SCHEM                                                         TABLE_NAME                                                         TABLE_TYPE                                                         REMARKS                                                            TYPE_CAT                                                           TYPE_SCHEM                                                         TYPE_NAME                                                          SELF_REFERENCING_COL_NAME                                          REF_GENERATION                                                     ISPHYSICAL
Row Count : 0
getColumnName              getColumnType  getCatalogName  getColumnClassName  getColumnLabel  getColumnTypeName  getSchemaName  getTableName  getColumnDisplaySize  getPrecision  getScale  isAutoIncrement  isCaseSensitive  isCurrency  isDefinitelyWritable  isNullable  isReadOnly  isSearchable  isSigned  isWritable  
TABLE_CAT                  12             <null>          java.lang.String    <null>          string             test           <null>        4000                  4000          0         false            false            false       false                 2           true        false         false     false       
TYPE_SCHEM                 12             <null>          java.lang.String    <null>          string             test           <null>        4000                  4000          0         false            false            false       false                 2           true        false         false     false       
TABLE_NAME                 12             <null>          java.lang.String    <null>          string             test           <null>        4000                  4000          0         false            false            false       false                 2           true        false         false     false       
TABLE_TYPE                 12             <null>          java.lang.String    <null>          string             test           <null>        4000                  4000          0         false            false            false       false                 2           true        false         false     false       
REMARKS                    12             <null>          java.lang.String    <null>          string             test           <null>        4000                  4000          0         false            false            false       false                 2           true        false         false     false       
TYPE_CAT                   12             <null>          java.lang.String    <null>          string             test           <null>        4000                  4000          0         false            false            false       false                 2           true        false         false     false       
TYPE_SCHEM                 12             <null>          java.lang.String    <null>          string             test           <null>        4000                  4000          0         false            false            false       false                 2           true        false         false     false       
TYPE_NAME                  12             <null>          java.lang.String    <null>          string             test           <null>        4000                  4000          0         false            false            false       false                 2           true        false         false     false       
SELF_REFERENCING_COL_NAME  12             <null>          java.lang.String    <null>          string             test           <null>        4000                  4000          0         false            false            false       false                 2           true        false         false     false       
REF_GENERATION             12             <null>          java.lang.String    <null>          string             test           <null>        4000                  4000          0         false            false            false       false                 2           true        false         false     false       
ISPHYSICAL                 -7             <null>          java.lang.Boolean   <null>          boolean            test           <null>        5                     1             0         false            false            false       false                 2           true        false         false     false       
