string       string                                                             string                                                             string                                                             string       string                                                             string                                                             string                                                             short    integer      integer      string                                                             string                                                             integer      
PKTABLE_CAT  PKTABLE_SCHEM                                                      PKTABLE_NAME                                                       PKCOLUMN_NAME                                                      FKTABLE_CAT  FKTABLE_SCHEM                                                      FKTABLE_NAME                                                       FKCOLUMN_NAME                                                      KEY_SEQ  UPDATE_RULE  DELETE_RULE  FK_NAME                                                            PK_NAME                                                            DEFERRABILITY
<null>       test                                                               test.all_models                                                    model_id                                                           <null>       test                                                               test.all_tables                                                    model_id                                                           1        3            3            table_model_fk                                                     models_pk                                                          5            
Row Count : 1
getColumnName  getColumnType  getCatalogName  getColumnClassName  getColumnLabel  getColumnTypeName  getSchemaName  getTableName                     getColumnDisplaySize  getPrecision  getScale  isAutoIncrement  isCaseSensitive  isCurrency  isDefinitelyWritable  isNullable  isReadOnly  isSearchable  isSigned  isWritable  
PKTABLE_CAT    12             <null>          java.lang.String    PKTABLE_CAT     string             test           System.JDBC.ReferenceKeyColumns  1                     1             0         false            true             false       true                  1           false       true          true      true        
PKTABLE_SCHEM  12             <null>          java.lang.String    PKTABLE_SCHEM   string             test           System.JDBC.ReferenceKeyColumns  255                   255           0         false            true             false       true                  1           false       true          true      true        
PKTABLE_NAME   12             <null>          java.lang.String    PKTABLE_NAME    string             test           System.JDBC.ReferenceKeyColumns  255                   255           0         false            true             false       true                  1           false       true          true      true        
PKCOLUMN_NAME  12             <null>          java.lang.String    PKCOLUMN_NAME   string             test           System.JDBC.ReferenceKeyColumns  255                   255           0         false            true             false       true                  1           false       true          true      true        
FKTABLE_CAT    12             <null>          java.lang.String    FKTABLE_CAT     string             test           System.JDBC.ReferenceKeyColumns  1                     1             0         false            true             false       true                  1           false       true          true      true        
FKTABLE_SCHEM  12             <null>          java.lang.String    FKTABLE_SCHEM   string             test           System.JDBC.ReferenceKeyColumns  255                   255           0         false            true             false       true                  1           false       true          true      true        
FKTABLE_NAME   12             <null>          java.lang.String    FKTABLE_NAME    string             test           System.JDBC.ReferenceKeyColumns  255                   255           0         false            true             false       true                  1           false       true          true      true        
FKCOLUMN_NAME  12             <null>          java.lang.String    FKCOLUMN_NAME   string             test           System.JDBC.ReferenceKeyColumns  255                   255           0         false            true             false       true                  1           false       true          true      true        
KEY_SEQ        5              <null>          java.lang.Short     KEY_SEQ         short              test           System.JDBC.ReferenceKeyColumns  6                     5             0         false            true             false       true                  1           false       true          true      true        
UPDATE_RULE    4              <null>          java.lang.Integer   UPDATE_RULE     integer            test           System.JDBC.ReferenceKeyColumns  11                    10            0         false            true             false       true                  1           false       true          true      true        
DELETE_RULE    4              <null>          java.lang.Integer   DELETE_RULE     integer            test           System.JDBC.ReferenceKeyColumns  11                    10            0         false            true             false       true                  1           false       true          true      true        
FK_NAME        12             <null>          java.lang.String    FK_NAME         string             test           System.JDBC.ReferenceKeyColumns  255                   255           0         false            true             false       true                  1           false       true          true      true        
PK_NAME        12             <null>          java.lang.String    PK_NAME         string             test           System.JDBC.ReferenceKeyColumns  255                   255           0         false            true             false       true                  1           false       true          true      true        
DEFERRABILITY  4              <null>          java.lang.Integer   DEFERRABILITY   integer            test           System.JDBC.ReferenceKeyColumns  11                    10            0         false            true             false       true                  1           false       true          true      true        
string       string                                                             string                                                             string                                                             string       string                                                             string                                                             string                                                             short    integer      integer      string                                                             string                                                             integer      
PKTABLE_CAT  PKTABLE_SCHEM                                                      PKTABLE_NAME                                                       PKCOLUMN_NAME                                                      FKTABLE_CAT  FKTABLE_SCHEM                                                      FKTABLE_NAME                                                       FKCOLUMN_NAME                                                      KEY_SEQ  UPDATE_RULE  DELETE_RULE  FK_NAME                                                            PK_NAME                                                            DEFERRABILITY
Row Count : 0
getColumnName  getColumnType  getCatalogName  getColumnClassName  getColumnLabel  getColumnTypeName  getSchemaName  getTableName                     getColumnDisplaySize  getPrecision  getScale  isAutoIncrement  isCaseSensitive  isCurrency  isDefinitelyWritable  isNullable  isReadOnly  isSearchable  isSigned  isWritable  
PKTABLE_CAT    12             <null>          java.lang.String    PKTABLE_CAT     string             test           System.JDBC.ReferenceKeyColumns  1                     1             0         false            true             false       true                  1           false       true          true      true        
PKTABLE_SCHEM  12             <null>          java.lang.String    PKTABLE_SCHEM   string             test           System.JDBC.ReferenceKeyColumns  255                   255           0         false            true             false       true                  1           false       true          true      true        
PKTABLE_NAME   12             <null>          java.lang.String    PKTABLE_NAME    string             test           System.JDBC.ReferenceKeyColumns  255                   255           0         false            true             false       true                  1           false       true          true      true        
PKCOLUMN_NAME  12             <null>          java.lang.String    PKCOLUMN_NAME   string             test           System.JDBC.ReferenceKeyColumns  255                   255           0         false            true             false       true                  1           false       true          true      true        
FKTABLE_CAT    12             <null>          java.lang.String    FKTABLE_CAT     string             test           System.JDBC.ReferenceKeyColumns  1                     1             0         false            true             false       true                  1           false       true          true      true        
FKTABLE_SCHEM  12             <null>          java.lang.String    FKTABLE_SCHEM   string             test           System.JDBC.ReferenceKeyColumns  255                   255           0         false            true             false       true                  1           false       true          true      true        
FKTABLE_NAME   12             <null>          java.lang.String    FKTABLE_NAME    string             test           System.JDBC.ReferenceKeyColumns  255                   255           0         false            true             false       true                  1           false       true          true      true        
FKCOLUMN_NAME  12             <null>          java.lang.String    FKCOLUMN_NAME   string             test           System.JDBC.ReferenceKeyColumns  255                   255           0         false            true             false       true                  1           false       true          true      true        
KEY_SEQ        5              <null>          java.lang.Short     KEY_SEQ         short              test           System.JDBC.ReferenceKeyColumns  6                     5             0         false            true             false       true                  1           false       true          true      true        
UPDATE_RULE    4              <null>          java.lang.Integer   UPDATE_RULE     integer            test           System.JDBC.ReferenceKeyColumns  11                    10            0         false            true             false       true                  1           false       true          true      true        
DELETE_RULE    4              <null>          java.lang.Integer   DELETE_RULE     integer            test           System.JDBC.ReferenceKeyColumns  11                    10            0         false            true             false       true                  1           false       true          true      true        
FK_NAME        12             <null>          java.lang.String    FK_NAME         string             test           System.JDBC.ReferenceKeyColumns  255                   255           0         false            true             false       true                  1           false       true          true      true        
PK_NAME        12             <null>          java.lang.String    PK_NAME         string             test           System.JDBC.ReferenceKeyColumns  255                   255           0         false            true             false       true                  1           false       true          true      true        
DEFERRABILITY  4              <null>          java.lang.Integer   DEFERRABILITY   integer            test           System.JDBC.ReferenceKeyColumns  11                    10            0         false            true             false       true                  1           false       true          true      true        
string                                                             string                                                             string                                                             string                                                             string                                                             string                                                             string                                                             string                                                             short    short        short        string                                                             string                                                             short        
PKTABLE_CAT                                                        PKTABLE_SCHEM                                                      PKTABLE_NAME                                                       PKCOLUMN_NAME                                                      FKTABLE_CAT                                                        FKTABLE_SCHEM                                                      FKTABLE_NAME                                                       FKCOLUMN_NAME                                                      KEY_SEQ  UPDATE_RULE  DELETE_RULE  FK_NAME                                                            PK_NAME                                                            DEFERRABILITY
Row Count : 0
getColumnName  getColumnType  getCatalogName  getColumnClassName  getColumnLabel  getColumnTypeName  getSchemaName  getTableName  getColumnDisplaySize  getPrecision  getScale  isAutoIncrement  isCaseSensitive  isCurrency  isDefinitelyWritable  isNullable  isReadOnly  isSearchable  isSigned  isWritable  
PKTABLE_CAT    12             <null>          java.lang.String    <null>          string             test           <null>        4000                  4000          0         false            false            false       false                 2           true        false         false     false       
PKTABLE_SCHEM  12             <null>          java.lang.String    <null>          string             test           <null>        4000                  4000          0         false            false            false       false                 2           true        false         false     false       
PKTABLE_NAME   12             <null>          java.lang.String    <null>          string             test           <null>        4000                  4000          0         false            false            false       false                 2           true        false         false     false       
PKCOLUMN_NAME  12             <null>          java.lang.String    <null>          string             test           <null>        4000                  4000          0         false            false            false       false                 2           true        false         false     false       
FKTABLE_CAT    12             <null>          java.lang.String    <null>          string             test           <null>        4000                  4000          0         false            false            false       false                 2           true        false         false     false       
FKTABLE_SCHEM  12             <null>          java.lang.String    <null>          string             test           <null>        4000                  4000          0         false            false            false       false                 2           true        false         false     false       
FKTABLE_NAME   12             <null>          java.lang.String    <null>          string             test           <null>        4000                  4000          0         false            false            false       false                 2           true        false         false     false       
FKCOLUMN_NAME  12             <null>          java.lang.String    <null>          string             test           <null>        4000                  4000          0         false            false            false       false                 2           true        false         false     false       
KEY_SEQ        5              <null>          java.lang.Short     <null>          short              test           <null>        6                     5             0         false            false            false       false                 2           true        false         false     false       
UPDATE_RULE    5              <null>          java.lang.Short     <null>          short              test           <null>        6                     5             0         false            false            false       false                 2           true        false         false     false       
DELETE_RULE    5              <null>          java.lang.Short     <null>          short              test           <null>        6                     5             0         false            false            false       false                 2           true        false         false     false       
FK_NAME        12             <null>          java.lang.String    <null>          string             test           <null>        4000                  4000          0         false            false            false       false                 2           true        false         false     false       
PK_NAME        12             <null>          java.lang.String    <null>          string             test           <null>        4000                  4000          0         false            false            false       false                 2           true        false         false     false       
DEFERRABILITY  5              <null>          java.lang.Short     <null>          short              test           <null>        6                     5             0         false            false            false       false                 2           true        false         false     false       
