short   string                                                             short      string                                                             integer      integer        short           short        
SCOPE   COLUMN_NAME                                                        DATA_TYPE  TYPE_NAME                                                          COLUMN_SIZE  BUFFER_LENGTH  DECIMAL_DIGITS  PSEUDO_COLUMN
Row Count : 0
getColumnName   getColumnType  getCatalogName  getColumnClassName  getColumnLabel  getColumnTypeName  getSchemaName  getTableName  getColumnDisplaySize  getPrecision  getScale  isAutoIncrement  isCaseSensitive  isCurrency  isDefinitelyWritable  isNullable  isReadOnly  isSearchable  isSigned  isWritable  
SCOPE           5              <null>          java.lang.Short     <null>          short              QT_Ora9DS      <null>        6                     5             0         false            false            false       false                 0           true        false         false     false       
COLUMN_NAME     12             <null>          java.lang.String    <null>          string             QT_Ora9DS      <null>        4000                  4000          0         false            false            false       false                 0           true        false         false     false       
DATA_TYPE       5              <null>          java.lang.Short     <null>          short              QT_Ora9DS      <null>        6                     5             0         false            false            false       false                 0           true        false         false     false       
TYPE_NAME       12             <null>          java.lang.String    <null>          string             QT_Ora9DS      <null>        4000                  4000          0         false            false            false       false                 0           true        false         false     false       
COLUMN_SIZE     4              <null>          java.lang.Integer   <null>          integer            QT_Ora9DS      <null>        11                    10            0         false            false            false       false                 0           true        false         false     false       
BUFFER_LENGTH   4              <null>          java.lang.Integer   <null>          integer            QT_Ora9DS      <null>        11                    10            0         false            false            false       false                 1           true        false         false     false       
DECIMAL_DIGITS  5              <null>          java.lang.Short     <null>          short              QT_Ora9DS      <null>        6                     5             0         false            false            false       false                 0           true        false         false     false       
PSEUDO_COLUMN   5              <null>          java.lang.Short     <null>          short              QT_Ora9DS      <null>        6                     5             0         false            false            false       false                 0           true        false         false     false       
short   string                                                             short      string                                                             integer      integer        short           short        
SCOPE   COLUMN_NAME                                                        DATA_TYPE  TYPE_NAME                                                          COLUMN_SIZE  BUFFER_LENGTH  DECIMAL_DIGITS  PSEUDO_COLUMN
Row Count : 0
getColumnName   getColumnType  getCatalogName  getColumnClassName  getColumnLabel  getColumnTypeName  getSchemaName  getTableName  getColumnDisplaySize  getPrecision  getScale  isAutoIncrement  isCaseSensitive  isCurrency  isDefinitelyWritable  isNullable  isReadOnly  isSearchable  isSigned  isWritable  
SCOPE           5              <null>          java.lang.Short     <null>          short              QT_Ora9DS      <null>        6                     5             0         false            false            false       false                 0           true        false         false     false       
COLUMN_NAME     12             <null>          java.lang.String    <null>          string             QT_Ora9DS      <null>        4000                  4000          0         false            false            false       false                 0           true        false         false     false       
DATA_TYPE       5              <null>          java.lang.Short     <null>          short              QT_Ora9DS      <null>        6                     5             0         false            false            false       false                 0           true        false         false     false       
TYPE_NAME       12             <null>          java.lang.String    <null>          string             QT_Ora9DS      <null>        4000                  4000          0         false            false            false       false                 0           true        false         false     false       
COLUMN_SIZE     4              <null>          java.lang.Integer   <null>          integer            QT_Ora9DS      <null>        11                    10            0         false            false            false       false                 0           true        false         false     false       
BUFFER_LENGTH   4              <null>          java.lang.Integer   <null>          integer            QT_Ora9DS      <null>        11                    10            0         false            false            false       false                 1           true        false         false     false       
DECIMAL_DIGITS  5              <null>          java.lang.Short     <null>          short              QT_Ora9DS      <null>        6                     5             0         false            false            false       false                 0           true        false         false     false       
PSEUDO_COLUMN   5              <null>          java.lang.Short     <null>          short              QT_Ora9DS      <null>        6                     5             0         false            false            false       false                 0           true        false         false     false       
short   string                                                             short      string                                                             integer      integer        short           short        
SCOPE   COLUMN_NAME                                                        DATA_TYPE  TYPE_NAME                                                          COLUMN_SIZE  BUFFER_LENGTH  DECIMAL_DIGITS  PSEUDO_COLUMN
Row Count : 0
getColumnName   getColumnType  getCatalogName  getColumnClassName  getColumnLabel  getColumnTypeName  getSchemaName  getTableName  getColumnDisplaySize  getPrecision  getScale  isAutoIncrement  isCaseSensitive  isCurrency  isDefinitelyWritable  isNullable  isReadOnly  isSearchable  isSigned  isWritable  
SCOPE           5              <null>          java.lang.Short     <null>          short              QT_Ora9DS      <null>        6                     5             0         false            false            false       false                 0           true        false         false     false       
COLUMN_NAME     12             <null>          java.lang.String    <null>          string             QT_Ora9DS      <null>        4000                  4000          0         false            false            false       false                 0           true        false         false     false       
DATA_TYPE       5              <null>          java.lang.Short     <null>          short              QT_Ora9DS      <null>        6                     5             0         false            false            false       false                 0           true        false         false     false       
TYPE_NAME       12             <null>          java.lang.String    <null>          string             QT_Ora9DS      <null>        4000                  4000          0         false            false            false       false                 0           true        false         false     false       
COLUMN_SIZE     4              <null>          java.lang.Integer   <null>          integer            QT_Ora9DS      <null>        11                    10            0         false            false            false       false                 0           true        false         false     false       
BUFFER_LENGTH   4              <null>          java.lang.Integer   <null>          integer            QT_Ora9DS      <null>        11                    10            0         false            false            false       false                 1           true        false         false     false       
DECIMAL_DIGITS  5              <null>          java.lang.Short     <null>          short              QT_Ora9DS      <null>        6                     5             0         false            false            false       false                 0           true        false         false     false       
PSEUDO_COLUMN   5              <null>          java.lang.Short     <null>          short              QT_Ora9DS      <null>        6                     5             0         false            false            false       false                 0           true        false         false     false       
