string                                                             string                                                             string                                                             string                                                             string                                                             string                                                             string                                                             string                                                             string                                                             string                                                             boolean   
TABLE_CAT                                                          TABLE_SCHEM                                                        TABLE_NAME                                                         TABLE_TYPE                                                         REMARKS                                                            TYPE_CAT                                                           TYPE_SCHEM                                                         TYPE_NAME                                                          SELF_REFERENCING_COL_NAME                                          REF_GENERATION                                                     ISPHYSICAL
<null>                                                             QT_Ora9DS                                                          System.VirtualDatabases                                            SYSTEM TABLE                                                       <null>                                                             <null>                                                             <null>                                                             <null>                                                             <null>                                                             <null>                                                             false     
Row Count : 1
getColumnName              getColumnType  getCatalogName  getColumnClassName  getColumnLabel             getColumnTypeName  getSchemaName  getTableName             getColumnDisplaySize  getPrecision  getScale  isAutoIncrement  isCaseSensitive  isCurrency  isDefinitelyWritable  isNullable  isReadOnly  isSearchable  isSigned  isWritable  
TABLE_CAT                  12             <null>          java.lang.String    TABLE_CAT                  string             QT_Ora9DS      <null>                   4000                  4000          0         false            false            false       true                  1           false       true          true      true        
TABLE_SCHEM                12             <null>          java.lang.String    TABLE_SCHEM                string             QT_Ora9DS      System.VirtualDatabases  255                   255           0         false            true             false       false                 0           true        true          false     false       
TABLE_NAME                 12             <null>          java.lang.String    TABLE_NAME                 string             QT_Ora9DS      System.Groups            2048                  2048          0         false            true             false       false                 0           true        true          false     false       
TABLE_TYPE                 12             <null>          java.lang.String    TABLE_TYPE                 string             QT_Ora9DS      <null>                   4000                  4000          0         false            false            false       true                  1           false       true          true      true        
REMARKS                    12             <null>          java.lang.String    REMARKS                    string             QT_Ora9DS      System.Groups            255                   255           0         false            true             false       true                  1           false       true          true      true        
TYPE_CAT                   12             <null>          java.lang.String    TYPE_CAT                   string             QT_Ora9DS      <null>                   4000                  4000          0         false            false            false       true                  1           false       true          true      true        
TYPE_SCHEM                 12             <null>          java.lang.String    TYPE_SCHEM                 string             QT_Ora9DS      <null>                   4000                  4000          0         false            false            false       true                  1           false       true          true      true        
TYPE_NAME                  12             <null>          java.lang.String    TYPE_NAME                  string             QT_Ora9DS      <null>                   4000                  4000          0         false            false            false       true                  1           false       true          true      true        
SELF_REFERENCING_COL_NAME  12             <null>          java.lang.String    SELF_REFERENCING_COL_NAME  string             QT_Ora9DS      <null>                   4000                  4000          0         false            false            false       true                  1           false       true          true      true        
REF_GENERATION             12             <null>          java.lang.String    REF_GENERATION             string             QT_Ora9DS      <null>                   4000                  4000          0         false            false            false       true                  1           false       true          true      true        
ISPHYSICAL                 -7             <null>          java.lang.Boolean   ISPHYSICAL                 boolean            QT_Ora9DS      System.Groups            5                     1             0         false            true             false       false                 0           true        true          false     false       
