string                                                             string                                                             string                                                             string                                                             string                                                             string                                                             string                                                             short           string                                                           
PROCEDURE_CAT                                                      PROCEDURE_SCHEM                                                    PROCEDURE_NAME                                                     RESERVED_1                                                         RESERVED_2                                                         RESERVED_3                                                         REMARKS                                                            PROCEDURE_TYPE  SPECIFIC_NAME                                                    
<null>                                                             QT_Ora9DS                                                          SP.sp_all_smalla_rows                                              <null>                                                             <null>                                                             <null>                                                             <null>                                                             2               SP.sp_all_smalla_rows                                            
<null>                                                             QT_Ora9DS                                                          SP.sp_count_all_smalla_rows                                        <null>                                                             <null>                                                             <null>                                                             <null>                                                             1               SP.sp_count_all_smalla_rows                                      
<null>                                                             QT_Ora9DS                                                          SP.sp_count_rows_between                                           <null>                                                             <null>                                                             <null>                                                             <null>                                                             1               SP.sp_count_rows_between                                         
<null>                                                             QT_Ora9DS                                                          SP.sp_rows_between                                                 <null>                                                             <null>                                                             <null>                                                             <null>                                                             2               SP.sp_rows_between                                               
<null>                                                             QT_Ora9DS                                                          System.describe                                                    <null>                                                             <null>                                                             <null>                                                             <null>                                                             2               System.describe                                                  
<null>                                                             QT_Ora9DS                                                          System.getBinaryVDBResource                                        <null>                                                             <null>                                                             <null>                                                             <null>                                                             2               System.getBinaryVDBResource                                      
<null>                                                             QT_Ora9DS                                                          System.getCharacterVDBResource                                     <null>                                                             <null>                                                             <null>                                                             <null>                                                             2               System.getCharacterVDBResource                                   
<null>                                                             QT_Ora9DS                                                          System.getUpdatedCharacterVDBResource                              <null>                                                             <null>                                                             <null>                                                             <null>                                                             2               System.getUpdatedCharacterVDBResource                            
<null>                                                             QT_Ora9DS                                                          System.getVDBResourcePaths                                         <null>                                                             <null>                                                             <null>                                                             <null>                                                             2               System.getVDBResourcePaths                                       
Row Count : 9
getColumnName    getColumnType  getCatalogName  getColumnClassName  getColumnLabel   getColumnTypeName  getSchemaName  getTableName             getColumnDisplaySize  getPrecision  getScale  isAutoIncrement  isCaseSensitive  isCurrency  isDefinitelyWritable  isNullable  isReadOnly  isSearchable  isSigned  isWritable  
PROCEDURE_CAT    12             <null>          java.lang.String    PROCEDURE_CAT    string             QT_Ora9DS      <null>                   4000                  4000          0         false            false            false       true                  1           false       true          true      true        
PROCEDURE_SCHEM  12             <null>          java.lang.String    PROCEDURE_SCHEM  string             QT_Ora9DS      System.VirtualDatabases  255                   255           0         false            true             false       false                 0           true        true          false     false       
PROCEDURE_NAME   12             <null>          java.lang.String    PROCEDURE_NAME   string             QT_Ora9DS      System.Procedures        2048                  2048          0         false            false            false       true                  0           false       true          false     true        
RESERVED_1       12             <null>          java.lang.String    RESERVED_1       string             QT_Ora9DS      <null>                   4000                  4000          0         false            false            false       true                  1           false       true          true      true        
RESERVED_2       12             <null>          java.lang.String    RESERVED_2       string             QT_Ora9DS      <null>                   4000                  4000          0         false            false            false       true                  1           false       true          true      true        
RESERVED_3       12             <null>          java.lang.String    RESERVED_3       string             QT_Ora9DS      <null>                   4000                  4000          0         false            false            false       true                  1           false       true          true      true        
REMARKS          12             <null>          java.lang.String    REMARKS          string             QT_Ora9DS      System.Procedures        255                   255           0         false            true             false       true                  1           false       true          true      true        
PROCEDURE_TYPE   5              <null>          java.lang.Short     PROCEDURE_TYPE   short              QT_Ora9DS      <null>                   6                     5             0         false            false            false       true                  1           false       true          true      true        
SPECIFIC_NAME    12             <null>          java.lang.String    SPECIFIC_NAME    string             QT_Ora9DS      System.Procedures        2048                  2048          0         false            false            false       true                  0           false       true          false     true        
string                                                             string                                                             string                                                             string                                                             string                                                             string                                                             string                                                             short           string                                                           
PROCEDURE_CAT                                                      PROCEDURE_SCHEM                                                    PROCEDURE_NAME                                                     RESERVED_1                                                         RESERVED_2                                                         RESERVED_3                                                         REMARKS                                                            PROCEDURE_TYPE  SPECIFIC_NAME                                                    
Row Count : 0
getColumnName    getColumnType  getCatalogName  getColumnClassName  getColumnLabel   getColumnTypeName  getSchemaName  getTableName             getColumnDisplaySize  getPrecision  getScale  isAutoIncrement  isCaseSensitive  isCurrency  isDefinitelyWritable  isNullable  isReadOnly  isSearchable  isSigned  isWritable  
PROCEDURE_CAT    12             <null>          java.lang.String    PROCEDURE_CAT    string             QT_Ora9DS      <null>                   4000                  4000          0         false            false            false       true                  1           false       true          true      true        
PROCEDURE_SCHEM  12             <null>          java.lang.String    PROCEDURE_SCHEM  string             QT_Ora9DS      System.VirtualDatabases  255                   255           0         false            true             false       false                 0           true        true          false     false       
PROCEDURE_NAME   12             <null>          java.lang.String    PROCEDURE_NAME   string             QT_Ora9DS      System.Procedures        2048                  2048          0         false            false            false       true                  0           false       true          false     true        
RESERVED_1       12             <null>          java.lang.String    RESERVED_1       string             QT_Ora9DS      <null>                   4000                  4000          0         false            false            false       true                  1           false       true          true      true        
RESERVED_2       12             <null>          java.lang.String    RESERVED_2       string             QT_Ora9DS      <null>                   4000                  4000          0         false            false            false       true                  1           false       true          true      true        
RESERVED_3       12             <null>          java.lang.String    RESERVED_3       string             QT_Ora9DS      <null>                   4000                  4000          0         false            false            false       true                  1           false       true          true      true        
REMARKS          12             <null>          java.lang.String    REMARKS          string             QT_Ora9DS      System.Procedures        255                   255           0         false            true             false       true                  1           false       true          true      true        
PROCEDURE_TYPE   5              <null>          java.lang.Short     PROCEDURE_TYPE   short              QT_Ora9DS      <null>                   6                     5             0         false            false            false       true                  1           false       true          true      true        
SPECIFIC_NAME    12             <null>          java.lang.String    SPECIFIC_NAME    string             QT_Ora9DS      System.Procedures        2048                  2048          0         false            false            false       true                  0           false       true          false     true        
string                                                             string                                                             string                                                             string                                                             string                                                             string                                                             string                                                             short         
PROCEDURE_CAT                                                      PROCEDURE_SCHEM                                                    PROCEDURE_NAME                                                     RESERVED_1                                                         RESERVED_2                                                         RESERVED_3                                                         REMARKS                                                            PROCEDURE_TYPE
Row Count : 0
getColumnName    getColumnType  getCatalogName  getColumnClassName  getColumnLabel  getColumnTypeName  getSchemaName  getTableName  getColumnDisplaySize  getPrecision  getScale  isAutoIncrement  isCaseSensitive  isCurrency  isDefinitelyWritable  isNullable  isReadOnly  isSearchable  isSigned  isWritable  
PROCEDURE_CAT    12             <null>          java.lang.String    <null>          string             QT_Ora9DS      <null>        4000                  4000          0         false            false            false       false                 2           true        false         false     false       
PROCEDURE_SCHEM  12             <null>          java.lang.String    <null>          string             QT_Ora9DS      <null>        4000                  4000          0         false            false            false       false                 2           true        false         false     false       
PROCEDURE_NAME   12             <null>          java.lang.String    <null>          string             QT_Ora9DS      <null>        4000                  4000          0         false            false            false       false                 2           true        false         false     false       
RESERVED_1       12             <null>          java.lang.String    <null>          string             QT_Ora9DS      <null>        4000                  4000          0         false            false            false       false                 2           true        false         false     false       
RESERVED_2       12             <null>          java.lang.String    <null>          string             QT_Ora9DS      <null>        4000                  4000          0         false            false            false       false                 2           true        false         false     false       
RESERVED_3       12             <null>          java.lang.String    <null>          string             QT_Ora9DS      <null>        4000                  4000          0         false            false            false       false                 2           true        false         false     false       
REMARKS          12             <null>          java.lang.String    <null>          string             QT_Ora9DS      <null>        4000                  4000          0         false            false            false       false                 2           true        false         false     false       
PROCEDURE_TYPE   5              <null>          java.lang.Short     <null>          short              QT_Ora9DS      <null>        6                     5             0         false            false            false       false                 2           true        false         false     false       
