string                                                             string                                                           
TABLE_SCHEM                                                        TABLE_CATALOG                                                    
QT_Ora9DS                                                          <null>                                                           
Row Count : 1
getColumnName  getColumnType  getCatalogName  getColumnClassName  getColumnLabel  getColumnTypeName  getSchemaName  getTableName             getColumnDisplaySize  getPrecision  getScale  isAutoIncrement  isCaseSensitive  isCurrency  isDefinitelyWritable  isNullable  isReadOnly  isSearchable  isSigned  isWritable  
TABLE_SCHEM    12             <null>          java.lang.String    TABLE_SCHEM     string             QT_Ora9DS      System.VirtualDatabases  255                   255           0         false            true             false       false                 0           true        true          false     false       
TABLE_CATALOG  12             <null>          java.lang.String    TABLE_CATALOG   string             QT_Ora9DS      <null>                   4000                  4000          0         false            false            false       true                  1           false       true          true      true        
