string                                                             integer      integer      string                                                             string                                                             string                                                             short     boolean         short       boolean             boolean           boolean         string                                                             short          short          integer        integer           integer       
TYPE_NAME                                                          DATA_TYPE    PRECISION    LITERAL_PREFIX                                                     LITERAL_SUFFIX                                                     CREATE_PARAMS                                                      NULLABLE  CASE_SENSITIVE  SEARCHABLE  UNSIGNED_ATTRIBUTE  FIXED_PREC_SCALE  AUTO_INCREMENT  LOCAL_TYPE_NAME                                                    MINIMUM_SCALE  MAXIMUM_SCALE  SQL_DATA_TYPE  SQL_DATETIME_SUB  NUM_PREC_RADIX
boolean                                                            -7           1            {b'                                                                }                                                                  <null>                                                             1         false           3           true                true              false           boolean                                                            0              255            <null>         <null>            0             
byte                                                               -6           3            <null>                                                             <null>                                                             <null>                                                             1         false           3           true                true              false           byte                                                               0              255            <null>         <null>            0             
long                                                               -5           19           <null>                                                             <null>                                                             <null>                                                             1         false           3           false               false             false           long                                                               0              255            <null>         <null>            10            
char                                                               1            1            '                                                                  '                                                                  <null>                                                             1         false           3           true                true              false           char                                                               0              255            <null>         <null>            0             
bigdecimal                                                         2            20           <null>                                                             <null>                                                             <null>                                                             1         false           3           false               true              false           bigdecimal                                                         0              255            <null>         <null>            10            
biginteger                                                         2            19           <null>                                                             <null>                                                             <null>                                                             1         false           3           false               false             false           biginteger                                                         0              255            <null>         <null>            10            
integer                                                            4            10           <null>                                                             <null>                                                             <null>                                                             1         false           3           false               false             false           integer                                                            0              255            <null>         <null>            10            
short                                                              5            5            <null>                                                             <null>                                                             <null>                                                             1         false           3           false               false             false           short                                                              0              255            <null>         <null>            10            
float                                                              7            20           <null>                                                             <null>                                                             <null>                                                             1         false           3           false               false             false           float                                                              0              255            <null>         <null>            10            
double                                                             8            20           <null>                                                             <null>                                                             <null>                                                             1         false           3           false               false             false           double                                                             0              255            <null>         <null>            10            
string                                                             12           4000         '                                                                  '                                                                  <null>                                                             1         false           3           true                true              false           string                                                             0              255            <null>         <null>            0             
xml                                                                2009         2147483647   <null>                                                             <null>                                                             <null>                                                             1         false           3           true                true              false           xml                                                                0              255            <null>         <null>            0             
date                                                               91           10           {d'                                                                }                                                                  <null>                                                             1         false           3           true                true              false           date                                                               0              255            <null>         <null>            0             
time                                                               92           8            {t'                                                                }                                                                  <null>                                                             1         false           3           true                true              false           time                                                               0              255            <null>         <null>            0             
timestamp                                                          93           29           {ts'                                                               }                                                                  <null>                                                             1         false           3           true                true              false           timestamp                                                          0              255            <null>         <null>            0             
object                                                             2000         2147483647   <null>                                                             <null>                                                             <null>                                                             1         false           3           true                true              false           object                                                             0              255            <null>         <null>            0             
blob                                                               2004         2147483647   <null>                                                             <null>                                                             <null>                                                             1         false           3           true                true              false           blob                                                               0              255            <null>         <null>            0             
clob                                                               2005         2147483647   <null>                                                             <null>                                                             <null>                                                             1         false           3           true                true              false           clob                                                               0              255            <null>         <null>            0             
Row Count : 18
getColumnName       getColumnType  getCatalogName  getColumnClassName  getColumnLabel  getColumnTypeName  getSchemaName  getTableName      getColumnDisplaySize  getPrecision  getScale  isAutoIncrement  isCaseSensitive  isCurrency  isDefinitelyWritable  isNullable  isReadOnly  isSearchable  isSigned  isWritable  
TYPE_NAME           12             <null>          java.lang.String    <null>          string             QT_Ora9DS      System.DataTypes  4000                  4000          0         false            false            false       false                 0           true        true          false     false       
DATA_TYPE           4              <null>          java.lang.Integer   <null>          integer            QT_Ora9DS      System.DataTypes  11                    10            0         false            false            false       true                  1           false       true          true      true        
PRECISION           4              <null>          java.lang.Integer   <null>          integer            QT_Ora9DS      System.DataTypes  11                    10            0         false            false            false       true                  1           false       true          true      true        
LITERAL_PREFIX      12             <null>          java.lang.String    <null>          string             QT_Ora9DS      System.DataTypes  4000                  4000          0         false            false            false       true                  1           false       true          true      true        
LITERAL_SUFFIX      12             <null>          java.lang.String    <null>          string             QT_Ora9DS      System.DataTypes  4000                  4000          0         false            false            false       true                  1           false       true          true      true        
CREATE_PARAMS       12             <null>          java.lang.String    <null>          string             QT_Ora9DS      System.DataTypes  4000                  4000          0         false            false            false       true                  1           false       true          true      true        
NULLABLE            5              <null>          java.lang.Short     <null>          short              QT_Ora9DS      System.DataTypes  6                     5             0         false            false            false       true                  1           false       true          true      true        
CASE_SENSITIVE      -7             <null>          java.lang.Boolean   <null>          boolean            QT_Ora9DS      System.DataTypes  5                     1             0         false            true             false       false                 0           true        true          false     false       
SEARCHABLE          5              <null>          java.lang.Short     <null>          short              QT_Ora9DS      System.DataTypes  6                     5             0         false            false            false       true                  1           false       true          true      true        
UNSIGNED_ATTRIBUTE  -7             <null>          java.lang.Boolean   <null>          boolean            QT_Ora9DS      System.DataTypes  5                     1             0         false            false            false       true                  1           false       true          true      true        
FIXED_PREC_SCALE    -7             <null>          java.lang.Boolean   <null>          boolean            QT_Ora9DS      System.DataTypes  5                     1             0         false            false            false       true                  1           false       true          true      true        
AUTO_INCREMENT      -7             <null>          java.lang.Boolean   <null>          boolean            QT_Ora9DS      System.DataTypes  5                     1             0         false            true             false       false                 0           true        true          true      false       
LOCAL_TYPE_NAME     12             <null>          java.lang.String    <null>          string             QT_Ora9DS      System.DataTypes  4000                  4000          0         false            false            false       false                 0           true        true          false     false       
MINIMUM_SCALE       5              <null>          java.lang.Short     <null>          short              QT_Ora9DS      System.DataTypes  6                     5             0         false            false            false       true                  1           false       true          true      true        
MAXIMUM_SCALE       5              <null>          java.lang.Short     <null>          short              QT_Ora9DS      System.DataTypes  6                     5             0         false            false            false       true                  1           false       true          true      true        
SQL_DATA_TYPE       4              <null>          java.lang.Integer   <null>          integer            QT_Ora9DS      System.DataTypes  11                    10            0         false            false            false       true                  1           false       true          true      true        
SQL_DATETIME_SUB    4              <null>          java.lang.Integer   <null>          integer            QT_Ora9DS      System.DataTypes  11                    10            0         false            false            false       true                  1           false       true          true      true        
NUM_PREC_RADIX      4              <null>          java.lang.Integer   <null>          integer            QT_Ora9DS      System.DataTypes  11                    10            0         false            false            false       false                 1           true        true          false     false       
