string                                                             string                                                             string                                                             string                                                             short      string                                                             integer      string                                                             integer         integer         integer      string                                                             string                                                             string                                                             string                                                             integer            integer           string                                                           
TABLE_CAT                                                          TABLE_SCHEM                                                        TABLE_NAME                                                         COLUMN_NAME                                                        DATA_TYPE  TYPE_NAME                                                          COLUMN_SIZE  BUFFER_LENGTH                                                      DECIMAL_DIGITS  NUM_PREC_RADIX  NULLABLE     REMARKS                                                            COLUMN_DEF                                                         SQL_DATA_TYPE                                                      SQL_DATETIME_SUB                                                   CHAR_OCTET_LENGTH  ORDINAL_POSITION  IS_NULLABLE                                                      
<null>                                                             QT_Ora9DS                                                          System.VirtualDatabases                                            Name                                                               12         string                                                             255          <null>                                                             0               10              0            <null>                                                             <null>                                                             <null>                                                             <null>                                                             255                1                 YES                                                              
Row Count : 1
getColumnName      getColumnType  getCatalogName  getColumnClassName  getColumnLabel     getColumnTypeName  getSchemaName  getTableName             getColumnDisplaySize  getPrecision  getScale  isAutoIncrement  isCaseSensitive  isCurrency  isDefinitelyWritable  isNullable  isReadOnly  isSearchable  isSigned  isWritable  
TABLE_CAT          12             <null>          java.lang.String    TABLE_CAT          string             QT_Ora9DS      <null>                   4000                  4000          0         false            false            false       true                  1           false       true          true      true        
TABLE_SCHEM        12             <null>          java.lang.String    TABLE_SCHEM        string             QT_Ora9DS      System.VirtualDatabases  255                   255           0         false            true             false       false                 0           true        true          false     false       
TABLE_NAME         12             <null>          java.lang.String    TABLE_NAME         string             QT_Ora9DS      System.Elements          2048                  2048          0         false            true             false       false                 0           true        true          false     false       
COLUMN_NAME        12             <null>          java.lang.String    COLUMN_NAME        string             QT_Ora9DS      System.Elements          255                   255           0         false            false            false       false                 0           true        true          false     false       
DATA_TYPE          5              <null>          java.lang.Short     DATA_TYPE          short              QT_Ora9DS      <null>                   6                     5             0         false            false            false       true                  1           false       true          true      true        
TYPE_NAME          12             <null>          java.lang.String    TYPE_NAME          string             QT_Ora9DS      System.Elements          100                   100           0         false            true             false       false                 0           true        true          true      false       
COLUMN_SIZE        4              <null>          java.lang.Integer   COLUMN_SIZE        integer            QT_Ora9DS      <null>                   11                    10            0         false            false            false       true                  1           false       true          true      true        
BUFFER_LENGTH      12             <null>          java.lang.String    BUFFER_LENGTH      string             QT_Ora9DS      <null>                   4000                  4000          0         false            false            false       true                  1           false       true          true      true        
DECIMAL_DIGITS     4              <null>          java.lang.Integer   DECIMAL_DIGITS     integer            QT_Ora9DS      System.Elements          11                    10            0         false            false            false       false                 0           true        true          false     false       
NUM_PREC_RADIX     4              <null>          java.lang.Integer   NUM_PREC_RADIX     integer            QT_Ora9DS      System.Elements          11                    10            0         false            false            false       false                 0           true        true          false     false       
NULLABLE           4              <null>          java.lang.Integer   NULLABLE           integer            QT_Ora9DS      <null>                   11                    10            0         false            false            false       true                  1           false       true          true      true        
REMARKS            12             <null>          java.lang.String    REMARKS            string             QT_Ora9DS      System.Elements          255                   255           0         false            true             false       true                  1           false       true          true      true        
COLUMN_DEF         12             <null>          java.lang.String    COLUMN_DEF         string             QT_Ora9DS      System.Elements          255                   255           0         false            false            false       false                 1           true        true          false     false       
SQL_DATA_TYPE      12             <null>          java.lang.String    SQL_DATA_TYPE      string             QT_Ora9DS      <null>                   4000                  4000          0         false            false            false       true                  1           false       true          true      true        
SQL_DATETIME_SUB   12             <null>          java.lang.String    SQL_DATETIME_SUB   string             QT_Ora9DS      <null>                   4000                  4000          0         false            false            false       true                  1           false       true          true      true        
CHAR_OCTET_LENGTH  4              <null>          java.lang.Integer   CHAR_OCTET_LENGTH  integer            QT_Ora9DS      System.Elements          11                    10            0         false            false            false       false                 1           true        true          false     false       
ORDINAL_POSITION   4              <null>          java.lang.Integer   ORDINAL_POSITION   integer            QT_Ora9DS      System.Elements          11                    10            0         false            false            false       false                 0           true        true          false     false       
IS_NULLABLE        12             <null>          java.lang.String    IS_NULLABLE        string             QT_Ora9DS      <null>                   4000                  4000          0         false            false            false       true                  1           false       true          true      true        
