string                                                             string                                                             string                                                             string                                                             string                                                             string                                                             string                                                           
TABLE_CAT                                                          TABLE_SCHEM                                                        TABLE_NAME                                                         GRANTOR                                                            GRANTEE                                                            PRIVILEGE                                                          IS_GRANTABLE                                                     
Row Count : 0
getColumnName  getColumnType  getCatalogName  getColumnClassName  getColumnLabel  getColumnTypeName  getSchemaName  getTableName  getColumnDisplaySize  getPrecision  getScale  isAutoIncrement  isCaseSensitive  isCurrency  isDefinitelyWritable  isNullable  isReadOnly  isSearchable  isSigned  isWritable  
TABLE_CAT      12             <null>          java.lang.String    <null>          string             QT_Ora9DS      <null>        4000                  4000          0         false            false            false       false                 1           true        false         false     false       
TABLE_SCHEM    12             <null>          java.lang.String    <null>          string             QT_Ora9DS      <null>        4000                  4000          0         false            false            false       false                 1           true        false         false     false       
TABLE_NAME     12             <null>          java.lang.String    <null>          string             QT_Ora9DS      <null>        4000                  4000          0         false            false            false       false                 0           true        false         false     false       
GRANTOR        12             <null>          java.lang.String    <null>          string             QT_Ora9DS      <null>        4000                  4000          0         false            false            false       false                 1           true        false         false     false       
GRANTEE        12             <null>          java.lang.String    <null>          string             QT_Ora9DS      <null>        4000                  4000          0         false            false            false       false                 0           true        false         false     false       
PRIVILEGE      12             <null>          java.lang.String    <null>          string             QT_Ora9DS      <null>        4000                  4000          0         false            false            false       false                 0           true        false         false     false       
IS_GRANTABLE   12             <null>          java.lang.String    <null>          string             QT_Ora9DS      <null>        4000                  4000          0         false            false            false       false                 1           true        false         false     false       
