string                                                             string                                                             string                                                             string                                                             short    string                                                           
TABLE_CAT                                                          TABLE_SCHEM                                                        TABLE_NAME                                                         COLUMN_NAME                                                        KEY_SEQ  PK_NAME                                                          
<null>                                                             QT_Ora9DS                                                          BQT1.SmallA                                                        IntKey                                                             1        PK_SmallA                                                        
<null>                                                             QT_Ora9DS                                                          BQT1.SmallA                                                        StringKey                                                          1        UK_SmallA                                                        
Row Count : 2
getColumnName  getColumnType  getCatalogName  getColumnClassName  getColumnLabel  getColumnTypeName  getSchemaName  getTableName             getColumnDisplaySize  getPrecision  getScale  isAutoIncrement  isCaseSensitive  isCurrency  isDefinitelyWritable  isNullable  isReadOnly  isSearchable  isSigned  isWritable  
TABLE_CAT      12             <null>          java.lang.String    TABLE_CAT       string             QT_Ora9DS      <null>                   4000                  4000          0         false            false            false       true                  1           false       true          true      true        
TABLE_SCHEM    12             <null>          java.lang.String    TABLE_SCHEM     string             QT_Ora9DS      System.VirtualDatabases  255                   255           0         false            true             false       false                 0           true        true          false     false       
TABLE_NAME     12             <null>          java.lang.String    TABLE_NAME      string             QT_Ora9DS      System.KeyElements       2048                  2048          0         false            true             false       false                 0           true        true          false     false       
COLUMN_NAME    12             <null>          java.lang.String    COLUMN_NAME     string             QT_Ora9DS      System.KeyElements       255                   255           0         false            false            false       false                 0           true        true          false     false       
KEY_SEQ        5              <null>          java.lang.Short     KEY_SEQ         short              QT_Ora9DS      <null>                   6                     5             0         false            false            false       true                  1           false       true          true      true        
PK_NAME        12             <null>          java.lang.String    PK_NAME         string             QT_Ora9DS      System.KeyElements       255                   255           0         false            false            false       false                 1           true        true          false     false       
string                                                             string                                                             string                                                             string                                                             short    string                                                           
TABLE_CAT                                                          TABLE_SCHEM                                                        TABLE_NAME                                                         COLUMN_NAME                                                        KEY_SEQ  PK_NAME                                                          
Row Count : 0
getColumnName  getColumnType  getCatalogName  getColumnClassName  getColumnLabel  getColumnTypeName  getSchemaName  getTableName             getColumnDisplaySize  getPrecision  getScale  isAutoIncrement  isCaseSensitive  isCurrency  isDefinitelyWritable  isNullable  isReadOnly  isSearchable  isSigned  isWritable  
TABLE_CAT      12             <null>          java.lang.String    TABLE_CAT       string             QT_Ora9DS      <null>                   4000                  4000          0         false            false            false       true                  1           false       true          true      true        
TABLE_SCHEM    12             <null>          java.lang.String    TABLE_SCHEM     string             QT_Ora9DS      System.VirtualDatabases  255                   255           0         false            true             false       false                 0           true        true          false     false       
TABLE_NAME     12             <null>          java.lang.String    TABLE_NAME      string             QT_Ora9DS      System.KeyElements       2048                  2048          0         false            true             false       false                 0           true        true          false     false       
COLUMN_NAME    12             <null>          java.lang.String    COLUMN_NAME     string             QT_Ora9DS      System.KeyElements       255                   255           0         false            false            false       false                 0           true        true          false     false       
KEY_SEQ        5              <null>          java.lang.Short     KEY_SEQ         short              QT_Ora9DS      <null>                   6                     5             0         false            false            false       true                  1           false       true          true      true        
PK_NAME        12             <null>          java.lang.String    PK_NAME         string             QT_Ora9DS      System.KeyElements       255                   255           0         false            false            false       false                 1           true        true          false     false       
string                                                             string                                                             string                                                             string                                                             short    string                                                           
TABLE_CAT                                                          TABLE_SCHEM                                                        TABLE_NAME                                                         COLUMN_NAME                                                        KEY_SEQ  PK_NAME                                                          
Row Count : 0
getColumnName  getColumnType  getCatalogName  getColumnClassName  getColumnLabel  getColumnTypeName  getSchemaName  getTableName  getColumnDisplaySize  getPrecision  getScale  isAutoIncrement  isCaseSensitive  isCurrency  isDefinitelyWritable  isNullable  isReadOnly  isSearchable  isSigned  isWritable  
TABLE_CAT      12             <null>          java.lang.String    <null>          string             QT_Ora9DS      <null>        4000                  4000          0         false            false            false       false                 2           true        false         false     false       
TABLE_SCHEM    12             <null>          java.lang.String    <null>          string             QT_Ora9DS      <null>        4000                  4000          0         false            false            false       false                 2           true        false         false     false       
TABLE_NAME     12             <null>          java.lang.String    <null>          string             QT_Ora9DS      <null>        4000                  4000          0         false            false            false       false                 2           true        false         false     false       
COLUMN_NAME    12             <null>          java.lang.String    <null>          string             QT_Ora9DS      <null>        4000                  4000          0         false            false            false       false                 2           true        false         false     false       
KEY_SEQ        5              <null>          java.lang.Short     <null>          short              QT_Ora9DS      <null>        6                     5             0         false            false            false       false                 2           true        false         false     false       
PK_NAME        12             <null>          java.lang.String    <null>          string             QT_Ora9DS      <null>        4000                  4000          0         false            false            false       false                 2           true        false         false     false       
