string                                                             string                                                             string                                                             string                                                             string                                                             string                                                             string                                                             string                                                             string                                                             string                                                             boolean   
TABLE_CAT                                                          TABLE_SCHEM                                                        TABLE_NAME                                                         TABLE_TYPE                                                         REMARKS                                                            TYPE_CAT                                                           TYPE_SCHEM                                                         TYPE_NAME                                                          SELF_REFERENCING_COL_NAME                                          REF_GENERATION                                                     ISPHYSICAL
<null>                                                             QT_Ora9DS                                                          BQT1.HugeA                                                         TABLE                                                              <null>                                                             <null>                                                             <null>                                                             <null>                                                             <null>                                                             <null>                                                             true      
<null>                                                             QT_Ora9DS                                                          BQT1.HugeB                                                         TABLE                                                              <null>                                                             <null>                                                             <null>                                                             <null>                                                             <null>                                                             <null>                                                             true      
<null>                                                             QT_Ora9DS                                                          BQT1.LargeA                                                        TABLE                                                              <null>                                                             <null>                                                             <null>                                                             <null>                                                             <null>                                                             <null>                                                             true      
<null>                                                             QT_Ora9DS                                                          BQT1.LargeB                                                        TABLE                                                              <null>                                                             <null>                                                             <null>                                                             <null>                                                             <null>                                                             <null>                                                             true      
<null>                                                             QT_Ora9DS                                                          BQT1.MediumA                                                       TABLE                                                              <null>                                                             <null>                                                             <null>                                                             <null>                                                             <null>                                                             <null>                                                             true      
<null>                                                             QT_Ora9DS                                                          BQT1.MediumB                                                       TABLE                                                              <null>                                                             <null>                                                             <null>                                                             <null>                                                             <null>                                                             <null>                                                             true      
<null>                                                             QT_Ora9DS                                                          BQT1.SmallA                                                        TABLE                                                              <null>                                                             <null>                                                             <null>                                                             <null>                                                             <null>                                                             <null>                                                             true      
<null>                                                             QT_Ora9DS                                                          BQT1.SmallB                                                        TABLE                                                              <null>                                                             <null>                                                             <null>                                                             <null>                                                             <null>                                                             <null>                                                             true      
<null>                                                             QT_Ora9DS                                                          BQT2.HugeA                                                         TABLE                                                              <null>                                                             <null>                                                             <null>                                                             <null>                                                             <null>                                                             <null>                                                             true      
<null>                                                             QT_Ora9DS                                                          BQT2.HugeB                                                         TABLE                                                              <null>                                                             <null>                                                             <null>                                                             <null>                                                             <null>                                                             <null>                                                             true      
<null>                                                             QT_Ora9DS                                                          BQT2.LargeA                                                        TABLE                                                              <null>                                                             <null>                                                             <null>                                                             <null>                                                             <null>                                                             <null>                                                             true      
<null>                                                             QT_Ora9DS                                                          BQT2.LargeB                                                        TABLE                                                              <null>                                                             <null>                                                             <null>                                                             <null>                                                             <null>                                                             <null>                                                             true      
<null>                                                             QT_Ora9DS                                                          BQT2.MediumA                                                       TABLE                                                              <null>                                                             <null>                                                             <null>                                                             <null>                                                             <null>                                                             <null>                                                             true      
<null>                                                             QT_Ora9DS                                                          BQT2.MediumB                                                       TABLE                                                              <null>                                                             <null>                                                             <null>                                                             <null>                                                             <null>                                                             <null>                                                             true      
<null>                                                             QT_Ora9DS                                                          BQT2.SmallA                                                        TABLE                                                              <null>                                                             <null>                                                             <null>                                                             <null>                                                             <null>                                                             <null>                                                             true      
<null>                                                             QT_Ora9DS                                                          BQT2.SmallB                                                        TABLE                                                              <null>                                                             <null>                                                             <null>                                                             <null>                                                             <null>                                                             <null>                                                             true      
<null>                                                             QT_Ora9DS                                                          VQT.Base.Agg1                                                      TABLE                                                              <null>                                                             <null>                                                             <null>                                                             <null>                                                             <null>                                                             <null>                                                             false     
<null>                                                             QT_Ora9DS                                                          VQT.Base.Agg2                                                      TABLE                                                              <null>                                                             <null>                                                             <null>                                                             <null>                                                             <null>                                                             <null>                                                             false     
<null>                                                             QT_Ora9DS                                                          VQT.Base.Agg3                                                      TABLE                                                              <null>                                                             <null>                                                             <null>                                                             <null>                                                             <null>                                                             <null>                                                             false     
<null>                                                             QT_Ora9DS                                                          VQT.Base.Agg4                                                      TABLE                                                              <null>                                                             <null>                                                             <null>                                                             <null>                                                             <null>                                                             <null>                                                             false     
<null>                                                             QT_Ora9DS                                                          VQT.Base.Expr1                                                     TABLE                                                              <null>                                                             <null>                                                             <null>                                                             <null>                                                             <null>                                                             <null>                                                             false     
<null>                                                             QT_Ora9DS                                                          VQT.Base.Expr2                                                     TABLE                                                              <null>                                                             <null>                                                             <null>                                                             <null>                                                             <null>                                                             <null>                                                             false     
<null>                                                             QT_Ora9DS                                                          VQT.Base.Expr3                                                     TABLE                                                              <null>                                                             <null>                                                             <null>                                                             <null>                                                             <null>                                                             <null>                                                             false     
<null>                                                             QT_Ora9DS                                                          VQT.Base.Expr4                                                     TABLE                                                              <null>                                                             <null>                                                             <null>                                                             <null>                                                             <null>                                                             <null>                                                             false     
<null>                                                             QT_Ora9DS                                                          VQT.Base.Expr5                                                     TABLE                                                              <null>                                                             <null>                                                             <null>                                                             <null>                                                             <null>                                                             <null>                                                             false     
<null>                                                             QT_Ora9DS                                                          VQT.Base.Expr6                                                     TABLE                                                              <null>                                                             <null>                                                             <null>                                                             <null>                                                             <null>                                                             <null>                                                             false     
<null>                                                             QT_Ora9DS                                                          VQT.Base.Expr7                                                     TABLE                                                              <null>                                                             <null>                                                             <null>                                                             <null>                                                             <null>                                                             <null>                                                             false     
<null>                                                             QT_Ora9DS                                                          VQT.Base.Mapping1                                                  TABLE                                                              <null>                                                             <null>                                                             <null>                                                             <null>                                                             <null>                                                             <null>                                                             false     
<null>                                                             QT_Ora9DS                                                          VQT.Base.Mapping2                                                  TABLE                                                              <null>                                                             <null>                                                             <null>                                                             <null>                                                             <null>                                                             <null>                                                             false     
<null>                                                             QT_Ora9DS                                                          VQT.Base.Mapping3                                                  TABLE                                                              <null>                                                             <null>                                                             <null>                                                             <null>                                                             <null>                                                             <null>                                                             false     
<null>                                                             QT_Ora9DS                                                          VQT.Base.Mapping4                                                  TABLE                                                              <null>                                                             <null>                                                             <null>                                                             <null>                                                             <null>                                                             <null>                                                             false     
<null>                                                             QT_Ora9DS                                                          VQT.Base.Order1                                                    TABLE                                                              <null>                                                             <null>                                                             <null>                                                             <null>                                                             <null>                                                             <null>                                                             false     
<null>                                                             QT_Ora9DS                                                          VQT.Base.Order2                                                    TABLE                                                              <null>                                                             <null>                                                             <null>                                                             <null>                                                             <null>                                                             <null>                                                             false     
<null>                                                             QT_Ora9DS                                                          VQT.Base.Order3                                                    TABLE                                                              <null>                                                             <null>                                                             <null>                                                             <null>                                                             <null>                                                             <null>                                                             false     
<null>                                                             QT_Ora9DS                                                          VQT.Base.Order4                                                    TABLE                                                              <null>                                                             <null>                                                             <null>                                                             <null>                                                             <null>                                                             <null>                                                             false     
<null>                                                             QT_Ora9DS                                                          VQT.Base.Order5                                                    TABLE                                                              <null>                                                             <null>                                                             <null>                                                             <null>                                                             <null>                                                             <null>                                                             false     
<null>                                                             QT_Ora9DS                                                          VQT.Union.U1                                                       TABLE                                                              <null>                                                             <null>                                                             <null>                                                             <null>                                                             <null>                                                             <null>                                                             false     
<null>                                                             QT_Ora9DS                                                          VQT.Union.U10                                                      TABLE                                                              <null>                                                             <null>                                                             <null>                                                             <null>                                                             <null>                                                             <null>                                                             false     
<null>                                                             QT_Ora9DS                                                          VQT.Union.U11                                                      TABLE                                                              <null>                                                             <null>                                                             <null>                                                             <null>                                                             <null>                                                             <null>                                                             false     
<null>                                                             QT_Ora9DS                                                          VQT.Union.U2                                                       TABLE                                                              <null>                                                             <null>                                                             <null>                                                             <null>                                                             <null>                                                             <null>                                                             false     
<null>                                                             QT_Ora9DS                                                          VQT.Union.U3                                                       TABLE                                                              <null>                                                             <null>                                                             <null>                                                             <null>                                                             <null>                                                             <null>                                                             false     
<null>                                                             QT_Ora9DS                                                          VQT.Union.U4                                                       TABLE                                                              <null>                                                             <null>                                                             <null>                                                             <null>                                                             <null>                                                             <null>                                                             false     
<null>                                                             QT_Ora9DS                                                          VQT.Union.U5                                                       TABLE                                                              <null>                                                             <null>                                                             <null>                                                             <null>                                                             <null>                                                             <null>                                                             false     
<null>                                                             QT_Ora9DS                                                          VQT.Union.U6                                                       TABLE                                                              <null>                                                             <null>                                                             <null>                                                             <null>                                                             <null>                                                             <null>                                                             false     
<null>                                                             QT_Ora9DS                                                          VQT.Union.U7                                                       TABLE                                                              <null>                                                             <null>                                                             <null>                                                             <null>                                                             <null>                                                             <null>                                                             false     
<null>                                                             QT_Ora9DS                                                          VQT.Union.U8                                                       TABLE                                                              <null>                                                             <null>                                                             <null>                                                             <null>                                                             <null>                                                             <null>                                                             false     
<null>                                                             QT_Ora9DS                                                          VQT.Union.U9                                                       TABLE                                                              <null>                                                             <null>                                                             <null>                                                             <null>                                                             <null>                                                             <null>                                                             false     
<null>                                                             QT_Ora9DS                                                          XQT.xqtData                                                        TABLE                                                              <null>                                                             <null>                                                             <null>                                                             <null>                                                             <null>                                                             <null>                                                             false     
<null>                                                             QT_Ora9DS                                                          XQT.xqtFullData                                                    TABLE                                                              <null>                                                             <null>                                                             <null>                                                             <null>                                                             <null>                                                             <null>                                                             false     
Row Count : 49
getColumnName              getColumnType  getCatalogName  getColumnClassName  getColumnLabel             getColumnTypeName  getSchemaName  getTableName             getColumnDisplaySize  getPrecision  getScale  isAutoIncrement  isCaseSensitive  isCurrency  isDefinitelyWritable  isNullable  isReadOnly  isSearchable  isSigned  isWritable  
TABLE_CAT                  12             <null>          java.lang.String    TABLE_CAT                  string             QT_Ora9DS      <null>                   4000                  4000          0         false            false            false       true                  1           false       true          true      true        
TABLE_SCHEM                12             <null>          java.lang.String    TABLE_SCHEM                string             QT_Ora9DS      System.VirtualDatabases  255                   255           0         false            true             false       false                 0           true        true          false     false       
TABLE_NAME                 12             <null>          java.lang.String    TABLE_NAME                 string             QT_Ora9DS      System.Groups            2048                  2048          0         false            true             false       false                 0           true        true          false     false       
TABLE_TYPE                 12             <null>          java.lang.String    TABLE_TYPE                 string             QT_Ora9DS      <null>                   4000                  4000          0         false            false            false       true                  1           false       true          true      true        
REMARKS                    12             <null>          java.lang.String    REMARKS                    string             QT_Ora9DS      System.Groups            255                   255           0         false            true             false       true                  1           false       true          true      true        
TYPE_CAT                   12             <null>          java.lang.String    TYPE_CAT                   string             QT_Ora9DS      <null>                   4000                  4000          0         false            false            false       true                  1           false       true          true      true        
TYPE_SCHEM                 12             <null>          java.lang.String    TYPE_SCHEM                 string             QT_Ora9DS      <null>                   4000                  4000          0         false            false            false       true                  1           false       true          true      true        
TYPE_NAME                  12             <null>          java.lang.String    TYPE_NAME                  string             QT_Ora9DS      <null>                   4000                  4000          0         false            false            false       true                  1           false       true          true      true        
SELF_REFERENCING_COL_NAME  12             <null>          java.lang.String    SELF_REFERENCING_COL_NAME  string             QT_Ora9DS      <null>                   4000                  4000          0         false            false            false       true                  1           false       true          true      true        
REF_GENERATION             12             <null>          java.lang.String    REF_GENERATION             string             QT_Ora9DS      <null>                   4000                  4000          0         false            false            false       true                  1           false       true          true      true        
ISPHYSICAL                 -7             <null>          java.lang.Boolean   ISPHYSICAL                 boolean            QT_Ora9DS      System.Groups            5                     1             0         false            true             false       false                 0           true        true          false     false       
