string                                                             string                                                             string                                                             string                                                             string                                                             string                                                           
TYPE_CAT                                                           TYPE_SCHEM                                                         TYPE_NAME                                                          SUPERTYPE_CAT                                                      SUPERTYPE_SCHEM                                                    SUPERTYPE_NAME                                                   
Row Count : 0
getColumnName    getColumnType  getCatalogName  getColumnClassName  getColumnLabel  getColumnTypeName  getSchemaName  getTableName  getColumnDisplaySize  getPrecision  getScale  isAutoIncrement  isCaseSensitive  isCurrency  isDefinitelyWritable  isNullable  isReadOnly  isSearchable  isSigned  isWritable  
TYPE_CAT         12             <null>          java.lang.String    <null>          string             QT_Ora9DS      <null>        4000                  4000          0         false            false            false       false                 1           true        false         false     false       
TYPE_SCHEM       12             <null>          java.lang.String    <null>          string             QT_Ora9DS      <null>        4000                  4000          0         false            false            false       false                 1           true        false         false     false       
TYPE_NAME        12             <null>          java.lang.String    <null>          string             QT_Ora9DS      <null>        4000                  4000          0         false            false            false       false                 0           true        false         false     false       
SUPERTYPE_CAT    12             <null>          java.lang.String    <null>          string             QT_Ora9DS      <null>        4000                  4000          0         false            false            false       false                 1           true        false         false     false       
SUPERTYPE_SCHEM  12             <null>          java.lang.String    <null>          string             QT_Ora9DS      <null>        4000                  4000          0         false            false            false       false                 1           true        false         false     false       
SUPERTYPE_NAME   12             <null>          java.lang.String    <null>          string             QT_Ora9DS      <null>        4000                  4000          0         false            false            false       false                 0           true        false         false     false       
