getColumns4
string                                                             string                                                             string                                                             string                                                             integer      string                                                             integer      integer        integer         integer         integer      string                                                             string                                                             integer        integer           integer            integer           string                                                           
TABLE_CAT                                                          TABLE_SCHEM                                                        TABLE_NAME                                                         COLUMN_NAME                                                        DATA_TYPE    TYPE_NAME                                                          COLUMN_SIZE  BUFFER_LENGTH  DECIMAL_DIGITS  NUM_PREC_RADIX  NULLABLE     REMARKS                                                            COLUMN_DEF                                                         SQL_DATA_TYPE  SQL_DATETIME_SUB  CHAR_OCTET_LENGTH  ORDINAL_POSITION  IS_NULLABLE                                                      
Row Count : 0
getColumnName      getColumnType  getCatalogName  getColumnClassName  getColumnLabel  getColumnTypeName  getSchemaName  getTableName  getColumnDisplaySize  getPrecision  getScale  isAutoIncrement  isCaseSensitive  isCurrency  isDefinitelyWritable  isNullable  isReadOnly  isSearchable  isSigned  isWritable  
TABLE_CAT          12             <null>          java.lang.String    <null>          string             QT_Ora9DS      <null>        4000                  4000          0         false            false            false       false                 2           true        false         false     false       
TABLE_SCHEM        12             <null>          java.lang.String    <null>          string             QT_Ora9DS      <null>        4000                  4000          0         false            false            false       false                 2           true        false         false     false       
TABLE_NAME         12             <null>          java.lang.String    <null>          string             QT_Ora9DS      <null>        4000                  4000          0         false            false            false       false                 2           true        false         false     false       
COLUMN_NAME        12             <null>          java.lang.String    <null>          string             QT_Ora9DS      <null>        4000                  4000          0         false            false            false       false                 2           true        false         false     false       
DATA_TYPE          4              <null>          java.lang.Integer   <null>          integer            QT_Ora9DS      <null>        11                    10            0         false            false            false       false                 2           true        false         false     false       
TYPE_NAME          12             <null>          java.lang.String    <null>          string             QT_Ora9DS      <null>        4000                  4000          0         false            false            false       false                 2           true        false         false     false       
COLUMN_SIZE        4              <null>          java.lang.Integer   <null>          integer            QT_Ora9DS      <null>        11                    10            0         false            false            false       false                 2           true        false         false     false       
BUFFER_LENGTH      4              <null>          java.lang.Integer   <null>          integer            QT_Ora9DS      <null>        11                    10            0         false            false            false       false                 2           true        false         false     false       
DECIMAL_DIGITS     4              <null>          java.lang.Integer   <null>          integer            QT_Ora9DS      <null>        11                    10            0         false            false            false       false                 2           true        false         false     false       
NUM_PREC_RADIX     4              <null>          java.lang.Integer   <null>          integer            QT_Ora9DS      <null>        11                    10            0         false            false            false       false                 2           true        false         false     false       
NULLABLE           4              <null>          java.lang.Integer   <null>          integer            QT_Ora9DS      <null>        11                    10            0         false            false            false       false                 2           true        false         false     false       
REMARKS            12             <null>          java.lang.String    <null>          string             QT_Ora9DS      <null>        4000                  4000          0         false            false            false       false                 2           true        false         false     false       
COLUMN_DEF         12             <null>          java.lang.String    <null>          string             QT_Ora9DS      <null>        4000                  4000          0         false            false            false       false                 2           true        false         false     false       
SQL_DATA_TYPE      4              <null>          java.lang.Integer   <null>          integer            QT_Ora9DS      <null>        11                    10            0         false            false            false       false                 2           true        false         false     false       
SQL_DATETIME_SUB   4              <null>          java.lang.Integer   <null>          integer            QT_Ora9DS      <null>        11                    10            0         false            false            false       false                 2           true        false         false     false       
CHAR_OCTET_LENGTH  4              <null>          java.lang.Integer   <null>          integer            QT_Ora9DS      <null>        11                    10            0         false            false            false       false                 2           true        false         false     false       
ORDINAL_POSITION   4              <null>          java.lang.Integer   <null>          integer            QT_Ora9DS      <null>        11                    10            0         false            false            false       false                 2           true        false         false     false       
IS_NULLABLE        12             <null>          java.lang.String    <null>          string             QT_Ora9DS      <null>        4000                  4000          0         false            false            false       false                 2           true        false         false     false       
