string                                                           
TABLE_TYPE                                                       
DOCUMENT                                                         
TABLE                                                            
VIEW                                                             
XMLSTAGINGTABLE                                                  
SYSTEM TABLE                                                     
Row Count : 5
getColumnName  getColumnType  getCatalogName  getColumnClassName  getColumnLabel  getColumnTypeName  getSchemaName  getTableName  getColumnDisplaySize  getPrecision  getScale  isAutoIncrement  isCaseSensitive  isCurrency  isDefinitelyWritable  isNullable  isReadOnly  isSearchable  isSigned  isWritable  
TABLE_TYPE     12             <null>          java.lang.String    <null>          string             QT_Ora9DS      <null>        4000                  4000          0         false            false            false       false                 0           true        false         false     false       
