string                                                             string                                                             string                                                             boolean     string                                                             string                                                             integer      short             string                                                             string                                                             integer      integer      string                                                           
TABLE_CAT                                                          TABLE_SCHEM                                                        TABLE_NAME                                                         NON_UNIQUE  INDEX_QUALIFIER                                                    INDEX_NAME                                                         TYPE         ORDINAL_POSITION  COLUMN_NAME                                                        ASC_OR_DESC                                                        CARDINALITY  PAGES        FILTER_CONDITION                                                 
Row Count : 0
getColumnName     getColumnType  getCatalogName  getColumnClassName  getColumnLabel    getColumnTypeName  getSchemaName  getTableName             getColumnDisplaySize  getPrecision  getScale  isAutoIncrement  isCaseSensitive  isCurrency  isDefinitelyWritable  isNullable  isReadOnly  isSearchable  isSigned  isWritable  
TABLE_CAT         12             <null>          java.lang.String    TABLE_CAT         string             QT_Ora9DS      <null>                   4000                  4000          0         false            false            false       true                  1           false       true          true      true        
TABLE_SCHEM       12             <null>          java.lang.String    TABLE_SCHEM       string             QT_Ora9DS      System.VirtualDatabases  255                   255           0         false            true             false       false                 0           true        true          false     false       
TABLE_NAME        12             <null>          java.lang.String    TABLE_NAME        string             QT_Ora9DS      System.KeyElements       2048                  2048          0         false            true             false       false                 0           true        true          false     false       
NON_UNIQUE        -7             <null>          java.lang.Boolean   NON_UNIQUE        boolean            QT_Ora9DS      <null>                   5                     1             0         false            false            false       true                  1           false       true          true      true        
INDEX_QUALIFIER   12             <null>          java.lang.String    INDEX_QUALIFIER   string             QT_Ora9DS      <null>                   4000                  4000          0         false            false            false       true                  1           false       true          true      true        
INDEX_NAME        12             <null>          java.lang.String    INDEX_NAME        string             QT_Ora9DS      System.KeyElements       255                   255           0         false            false            false       false                 1           true        true          false     false       
TYPE              4              <null>          java.lang.Integer   TYPE              integer            QT_Ora9DS      <null>                   11                    10            0         false            false            false       true                  1           false       true          true      true        
ORDINAL_POSITION  5              <null>          java.lang.Short     ORDINAL_POSITION  short              QT_Ora9DS      <null>                   6                     5             0         false            false            false       true                  1           false       true          true      true        
COLUMN_NAME       12             <null>          java.lang.String    COLUMN_NAME       string             QT_Ora9DS      System.KeyElements       255                   255           0         false            false            false       false                 0           true        true          false     false       
ASC_OR_DESC       12             <null>          java.lang.String    ASC_OR_DESC       string             QT_Ora9DS      <null>                   4000                  4000          0         false            false            false       true                  1           false       true          true      true        
CARDINALITY       4              <null>          java.lang.Integer   CARDINALITY       integer            QT_Ora9DS      <null>                   11                    10            0         false            false            false       true                  1           false       true          true      true        
PAGES             4              <null>          java.lang.Integer   PAGES             integer            QT_Ora9DS      <null>                   11                    10            0         false            false            false       true                  1           false       true          true      true        
FILTER_CONDITION  12             <null>          java.lang.String    FILTER_CONDITION  string             QT_Ora9DS      <null>                   4000                  4000          0         false            false            false       true                  1           false       true          true      true        
string                                                             string                                                             string                                                             boolean     string                                                             string                                                             integer      short             string                                                             string                                                             integer      integer      string                                                           
TABLE_CAT                                                          TABLE_SCHEM                                                        TABLE_NAME                                                         NON_UNIQUE  INDEX_QUALIFIER                                                    INDEX_NAME                                                         TYPE         ORDINAL_POSITION  COLUMN_NAME                                                        ASC_OR_DESC                                                        CARDINALITY  PAGES        FILTER_CONDITION                                                 
Row Count : 0
getColumnName     getColumnType  getCatalogName  getColumnClassName  getColumnLabel    getColumnTypeName  getSchemaName  getTableName             getColumnDisplaySize  getPrecision  getScale  isAutoIncrement  isCaseSensitive  isCurrency  isDefinitelyWritable  isNullable  isReadOnly  isSearchable  isSigned  isWritable  
TABLE_CAT         12             <null>          java.lang.String    TABLE_CAT         string             QT_Ora9DS      <null>                   4000                  4000          0         false            false            false       true                  1           false       true          true      true        
TABLE_SCHEM       12             <null>          java.lang.String    TABLE_SCHEM       string             QT_Ora9DS      System.VirtualDatabases  255                   255           0         false            true             false       false                 0           true        true          false     false       
TABLE_NAME        12             <null>          java.lang.String    TABLE_NAME        string             QT_Ora9DS      System.KeyElements       2048                  2048          0         false            true             false       false                 0           true        true          false     false       
NON_UNIQUE        -7             <null>          java.lang.Boolean   NON_UNIQUE        boolean            QT_Ora9DS      <null>                   5                     1             0         false            false            false       true                  1           false       true          true      true        
INDEX_QUALIFIER   12             <null>          java.lang.String    INDEX_QUALIFIER   string             QT_Ora9DS      <null>                   4000                  4000          0         false            false            false       true                  1           false       true          true      true        
INDEX_NAME        12             <null>          java.lang.String    INDEX_NAME        string             QT_Ora9DS      System.KeyElements       255                   255           0         false            false            false       false                 1           true        true          false     false       
TYPE              4              <null>          java.lang.Integer   TYPE              integer            QT_Ora9DS      <null>                   11                    10            0         false            false            false       true                  1           false       true          true      true        
ORDINAL_POSITION  5              <null>          java.lang.Short     ORDINAL_POSITION  short              QT_Ora9DS      <null>                   6                     5             0         false            false            false       true                  1           false       true          true      true        
COLUMN_NAME       12             <null>          java.lang.String    COLUMN_NAME       string             QT_Ora9DS      System.KeyElements       255                   255           0         false            false            false       false                 0           true        true          false     false       
ASC_OR_DESC       12             <null>          java.lang.String    ASC_OR_DESC       string             QT_Ora9DS      <null>                   4000                  4000          0         false            false            false       true                  1           false       true          true      true        
CARDINALITY       4              <null>          java.lang.Integer   CARDINALITY       integer            QT_Ora9DS      <null>                   11                    10            0         false            false            false       true                  1           false       true          true      true        
PAGES             4              <null>          java.lang.Integer   PAGES             integer            QT_Ora9DS      <null>                   11                    10            0         false            false            false       true                  1           false       true          true      true        
FILTER_CONDITION  12             <null>          java.lang.String    FILTER_CONDITION  string             QT_Ora9DS      <null>                   4000                  4000          0         false            false            false       true                  1           false       true          true      true        
string                                                             string                                                             string                                                             boolean     string                                                             string                                                             short   short             string                                                             string                                                             integer      integer      string                                                           
TABLE_CAT                                                          TABLE_SCHEM                                                        TABLE_NAME                                                         NON_UNIQUE  INDEX_QUALIFIER                                                    INDEX_NAME                                                         TYPE    ORDINAL_POSITION  COLUMN_NAME                                                        ASC_OR_DESC                                                        CARDINALITY  PAGES        FILTER_CONDITION                                                 
Row Count : 0
getColumnName     getColumnType  getCatalogName  getColumnClassName  getColumnLabel  getColumnTypeName  getSchemaName  getTableName  getColumnDisplaySize  getPrecision  getScale  isAutoIncrement  isCaseSensitive  isCurrency  isDefinitelyWritable  isNullable  isReadOnly  isSearchable  isSigned  isWritable  
TABLE_CAT         12             <null>          java.lang.String    <null>          string             QT_Ora9DS      <null>        4000                  4000          0         false            false            false       false                 2           true        false         false     false       
TABLE_SCHEM       12             <null>          java.lang.String    <null>          string             QT_Ora9DS      <null>        4000                  4000          0         false            false            false       false                 2           true        false         false     false       
TABLE_NAME        12             <null>          java.lang.String    <null>          string             QT_Ora9DS      <null>        4000                  4000          0         false            false            false       false                 2           true        false         false     false       
NON_UNIQUE        -7             <null>          java.lang.Boolean   <null>          boolean            QT_Ora9DS      <null>        5                     1             0         false            false            false       false                 2           true        false         false     false       
INDEX_QUALIFIER   12             <null>          java.lang.String    <null>          string             QT_Ora9DS      <null>        4000                  4000          0         false            false            false       false                 2           true        false         false     false       
INDEX_NAME        12             <null>          java.lang.String    <null>          string             QT_Ora9DS      <null>        4000                  4000          0         false            false            false       false                 2           true        false         false     false       
TYPE              5              <null>          java.lang.Short     <null>          short              QT_Ora9DS      <null>        6                     5             0         false            false            false       false                 2           true        false         false     false       
ORDINAL_POSITION  5              <null>          java.lang.Short     <null>          short              QT_Ora9DS      <null>        6                     5             0         false            false            false       false                 2           true        false         false     false       
COLUMN_NAME       12             <null>          java.lang.String    <null>          string             QT_Ora9DS      <null>        4000                  4000          0         false            false            false       false                 2           true        false         false     false       
ASC_OR_DESC       12             <null>          java.lang.String    <null>          string             QT_Ora9DS      <null>        4000                  4000          0         false            false            false       false                 2           true        false         false     false       
CARDINALITY       4              <null>          java.lang.Integer   <null>          integer            QT_Ora9DS      <null>        11                    10            0         false            false            false       false                 2           true        false         false     false       
PAGES             4              <null>          java.lang.Integer   <null>          integer            QT_Ora9DS      <null>        11                    10            0         false            false            false       false                 2           true        false         false     false       
FILTER_CONDITION  12             <null>          java.lang.String    <null>          string             QT_Ora9DS      <null>        4000                  4000          0         false            false            false       false                 2           true        false         false     false       
